// Jest Snapshot v1, https://goo.gl/fbAQLP

exports[`BrewCDR should match the cdr snapshot 1`] = `0.07551476403703715`;
